GCD:
21
LCM:
525
Quick Square Root: 
0.315686 : 0.316226
BFS:
Length: 2
BFS order: 0 1 3 2 4 7 5 6
Shortest path: 0 3 7
DFS:
DFS order: 2 0 1 3
Dijkstra:
0: 0
1: 4
2: 12
3: 19
4: 21
5: 11
6: 9
7: 8 
8: 14
Bellman-Ford:
0: 0
1: -1
2: 2
3: -2
4: 1
Floyd-Warshall:
0       5       8       9
INF     0       3       4
INF     INF     0       1
INF     INF     INF     0
Kruskal (edged based):
2 - 3 (4)
0 - 3 (5)
0 - 1 (10)
Kruskal (matrix based):
2 - 3 (4)
0 - 3 (5)
0 - 1 (10)
Prim:
0 - 1 (10)
3 - 2 (4)
0 - 3 (5)
