Binary tree:
10 5 0 11 47
0 5 10 11 47
0 5 47 11 10
Heap:
7 5 4 3 1 4
Hash table:
0 -> 3 -> 3 -> 6 -> 3
1 -> 7
2 -> 2 -> 5 -> 5 -> 2
Graph:
2 - 4 (10)
4 - 3 (1)
List graph:
0 -> 1
1 -> 3 -> 0
2
3 -> 1
0 -> 1 -> 2
Matrix graph:
0       0       0       0       0
0       0       5       0       0
0       5       0       1       0
0       0       1       0       0
0       0       0       0       0