Binary tree:
10.6 5 -0 11.9 47.3 
-0 5 10.6 11.9 47.3 
-0 5 47.3 11.9 10.6 
Graph:
2 - 4 (10.5)
4 - 3 (1)
Matrix graph:
0	0	0	0	0	
0	0	0	0	0	
0	2.5	0	0	0	
0	0	1	0	0	
0	0	0	0	0	
