GCD
LCM
Multiply Matrix
Pi approximator
All tests passed
