Bubble
Insertion
Quick
Merge
Count
Radix
All tests passed
