GCD
LCM
Multiply Matrix
Pi approximator
Power set
All tests passed
