Singly Linked List
Doubly Linked List
Bounded Queue
Circular Queue
Stacks
All tests passed
